INFO         | Android emulator version 36.2.12.0 (build_id 14214601) (CL:N/A)
INFO         | Graphics backend: gfxstream
INFO         | Found systemPath /Users/angstremoff/Library/Android/sdk/system-images/android-36.1/google_apis_playstore/arm64-v8a/
WARNING      | Please update the emulator to one that supports the feature(s): VulkanVirtualQueue
INFO         | Guest GLES Driver: Auto (ext controls)
library_mode host gpu mode host
INFO         | Checking system compatibility:
INFO         |   Checking: hasSufficientDiskSpace
INFO         |      Ok: Disk space requirements to run avd: `Medium_Phone_API_36.1` are met
INFO         |   Checking: hasSufficientHwGpu
INFO         |      Ok: Hardware GPU requirements to run avd: `Medium_Phone_API_36.1` are passed
INFO         |   Checking: hasSufficientSystem
INFO         |      Ok: System requirements to run avd: `Medium_Phone_API_36.1` are met
INFO         | Warning: QMetaObject::connectSlotsByName: No matching signal for on_btn_xr_environment_living_room_day_clicked() (:0, )
INFO         | Warning: QMetaObject::connectSlotsByName: No matching signal for on_btn_xr_environment_living_room_night_clicked() (:0, )
INFO         | Warning: QMetaObject::connectSlotsByName: No matching signal for on_new_posture_requested(int) (:0, )
INFO         | Warning: QMetaObject::connectSlotsByName: No matching signal for on_dismiss_posture_selection_dialog() (:0, )
INFO         | Warning: QMetaObject::connectSlotsByName: No matching signal for on_new_resizable_requested(PresetEmulatorSizeType) (:0, )
INFO         | Warning: QMetaObject::connectSlotsByName: No matching signal for on_dismiss_resizable_dialog() (:0, )
INFO         | Warning: QMetaObject::connectSlotsByName: No matching signal for on_xr_environment_mode_changed(int) (:0, )
INFO         | Warning: QMetaObject::connectSlotsByName: No matching signal for on_dismiss_xr_environment_mode_dialog() (:0, )
INFO         | Warning: QMetaObject::connectSlotsByName: No matching signal for on_xr_input_mode_changed(int) (:0, )
INFO         | Warning: QMetaObject::connectSlotsByName: No matching signal for on_dismiss_xr_input_mode_dialog() (:0, )
INFO         | Warning: QMetaObject::connectSlotsByName: No matching signal for on_sleep_timer_done() (:0, )
INFO         | Warning: QMetaObject::connectSlotsByName: No matching signal for on_unfold_timer_done() (:0, )
INFO         | Storing crashdata in: /tmp/android-angstremoff/emu-crash-36.2.12.db, detection is enabled for process: 57281
INFO         | Initializing hardware OpenGLES emulation support
INFO         | android_startOpenglesRenderer: gpu info
INFO         | 
INFO         | HealthMonitor disabled.
INFO         | initIcdPaths: ICD set to 'swiftshader', using Swiftshader ICD
INFO         | Setting ICD filenames for the loader = /Users/angstremoff/Library/Android/sdk/emulator/lib64/vulkan/vk_swiftshader_icd.json
INFO         | SharedLibrary::open for [/Users/angstremoff/Library/Android/sdk/emulator/qemu/darwin-aarch64/lib64/vulkan/libvulkan.dylib]
INFO         | SharedLibrary::open for [/Users/angstremoff/Library/Android/sdk/emulator/qemu/darwin-aarch64/lib64/vulkan/libvulkan.dylib]: not found in map, open for the first time
INFO         | SharedLibrary::open for [/Users/angstremoff/Library/Android/sdk/emulator/qemu/darwin-aarch64/lib64/vulkan/libvulkan.dylib] (posix): begin
INFO         | SharedLibrary::open for [/Users/angstremoff/Library/Android/sdk/emulator/qemu/darwin-aarch64/lib64/vulkan/libvulkan.dylib] (posix,darwin): call dlopen
INFO         | SharedLibrary::open succeeded for [/Users/angstremoff/Library/Android/sdk/emulator/qemu/darwin-aarch64/lib64/vulkan/libvulkan.dylib].
INFO         | Added library: /Users/angstremoff/Library/Android/sdk/emulator/qemu/darwin-aarch64/lib64/vulkan/libvulkan.dylib
INFO         | Selecting Vulkan device: SwiftShader Device (LLVM 10.0.0), Version: 1.3.0
INFO         | Disabling sparse binding feature support
INFO         | SharedLibrary::open for [/System/Library/Frameworks/OpenGL.framework/OpenGL]: not found in map, open for the first time
INFO         | SharedLibrary::open for [/System/Library/Frameworks/OpenGL.framework/OpenGL] (posix): begin
INFO         | SharedLibrary::open for [/System/Library/Frameworks/OpenGL.framework/OpenGL] (posix,darwin): call dlopen
INFO         | SharedLibrary::open succeeded for [/System/Library/Frameworks/OpenGL.framework/OpenGL].
INFO         | SharedLibrary::open for [libshadertranslator.dylib]: not found in map, open for the first time
INFO         | SharedLibrary::open for [libshadertranslator.dylib] (posix): begin
INFO         | SharedLibrary::open for [libshadertranslator.dylib] (posix,darwin): call dlopen
INFO         | SharedLibrary::open succeeded for [libshadertranslator.dylib].
INFO         | Initializing VkEmulation features:
INFO         |     glInteropSupported: false
INFO         |     useDeferredCommands: true
INFO         |     createResourceWithRequirements: true
INFO         |     useVulkanComposition: false
INFO         |     useVulkanNativeSwapchain: false
INFO         |     enable guestRenderDoc: false
INFO         |     ASTC LDR emulation mode: Gpu
INFO         |     enable ETC2 emulation: true
INFO         |     enable Ycbcr emulation: false
INFO         |     guestVulkanOnly: false
INFO         |     useDedicatedAllocations: false
INFO         | Graphics Adapter Vendor Google (Apple)
INFO         | Graphics Adapter Android Emulator OpenGL ES Translator (Apple M4)
INFO         | Graphics API Version OpenGL ES 3.0 (4.1 Metal - 90.5)
INFO         | Graphics API Extensions GL_OES_EGL_sync GL_OES_EGL_image GL_OES_EGL_image_external GL_OES_depth24 GL_OES_depth32 GL_OES_element_index_uint GL_OES_texture_float GL_OES_texture_float_linear GL_OES_compressed_paletted_texture GL_OES_compressed_ETC1_RGB8_texture GL_OES_depth_texture GL_OES_texture_npot GL_OES_rgb8_rgba8 GL_EXT_color_buffer_float GL_EXT_color_buffer_half_float GL_EXT_texture_format_BGRA8888 GL_APPLE_texture_format_BGRA8888 
INFO         | Graphics Device Extensions N/A
INFO         | Sending adb public key [QAAAAM8mSWHR3zc8LJL99awpUVuJooGr3ZiyU+ff5JPuwuOPM5fqv+OGw/qqAd98jlaoJw3zM5565g3AU5aW19Xc9HQ7AHq9byiRdttAsO59/o4/6Cr/qxWHZeyc8VSF1vmF4RrwUvOx89J1SlHkIDoYfNzFbw4xw9GBGeR7uaJ3jLRS5W245WKPIWNTVBER3pnkH0KhK6fXGQtMCun82MenHzKRQa7hmwARxNiQrmhRyJeVz/Ag5Z75Mzy2s7iORTzXt+JPr9kfUSdRM4anPMf1dsWcn9eHlOwUGYeIjmElztqG1RvlTMKDeS98LAPFpCkJr26OnP/rLmGgjHLxEqVgWuJIGULY9oqIuglMaahSj3ymAomt1m2IXs9AaU7AIflHbt4eJXtHn4xZlyHBECe9bRoaanD+ZbIYm87iWPgveFL1wAiSzXXL7adCefdFlvQAUEgWbLMLHC43gwphdqmvFlCsqncIWR6vjRzoHFQPuGPrZ0Mpn0RNYguSB2UFk4/Wq2QpUk1Gm1Lpo9B7iAdehZUKu2aRmB22M9HjiU0KS6G6hYh7EDmcpq/pd2Y1fsDh6A5xJnXEc6b3K7jFR1P6ZHktp1XNWAg2Pv3OKq73BoRKph26JHUj+BmjOgkwDof4g3cRIZ9rjNAWdidaBgxb6tz0h1CRVREyYEs3o7KDlc3CcNcXWQEAAQA= angstremoff@unknown]
INFO         | Userspace boot properties:
INFO         |   androidboot.boot_devices=a003600.virtio_mmio
INFO         |   androidboot.dalvik.vm.heapsize=512m
INFO         |   androidboot.debug.hwui.renderer=skiagl
INFO         |   androidboot.hardware=ranchu
INFO         |   androidboot.hardware.gltransport=pipe
INFO         |   androidboot.hardware.vulkan=ranchu
INFO         |   androidboot.logcat=*:V
INFO         |   androidboot.opengles.version=196608
INFO         |   androidboot.qemu=1
INFO         |   androidboot.qemu.adb.pubkey=QAAAAM8mSWHR3zc8LJL99awpUVuJooGr3ZiyU+ff5JPuwuOPM5fqv+OGw/qqAd98jlaoJw3zM5565g3AU5aW19Xc9HQ7AHq9byiRdttAsO59/o4/6Cr/qxWHZeyc8VSF1vmF4RrwUvOx89J1SlHkIDoYfNzFbw4xw9GBGeR7uaJ3jLRS5W245WKPIWNTVBER3pnkH0KhK6fXGQtMCun82MenHzKRQa7hmwARxNiQrmhRyJeVz/Ag5Z75Mzy2s7iORTzXt+JPr9kfUSdRM4anPMf1dsWcn9eHlOwUGYeIjmElztqG1RvlTMKDeS98LAPFpCkJr26OnP/rLmGgjHLxEqVgWuJIGULY9oqIuglMaahSj3ymAomt1m2IXs9AaU7AIflHbt4eJXtHn4xZlyHBECe9bRoaanD+ZbIYm87iWPgveFL1wAiSzXXL7adCefdFlvQAUEgWbLMLHC43gwphdqmvFlCsqncIWR6vjRzoHFQPuGPrZ0Mpn0RNYguSB2UFk4/Wq2QpUk1Gm1Lpo9B7iAdehZUKu2aRmB22M9HjiU0KS6G6hYh7EDmcpq/pd2Y1fsDh6A5xJnXEc6b3K7jFR1P6ZHktp1XNWAg2Pv3OKq73BoRKph26JHUj+BmjOgkwDof4g3cRIZ9rjNAWdidaBgxb6tz0h1CRVREyYEs3o7KDlc3CcNcXWQEAAQA= angstremoff@unknown
INFO         |   androidboot.qemu.avd_name=Medium_Phone_API_36.1
INFO         |   androidboot.qemu.camera_hq_edge_processing=0
INFO         |   androidboot.qemu.camera_protocol_ver=1
INFO         |   androidboot.qemu.cpuvulkan.version=4202496
INFO         |   androidboot.qemu.gltransport.drawFlushInterval=800
INFO         |   androidboot.qemu.gltransport.name=pipe
INFO         |   androidboot.qemu.hwcodec.avcdec=2
INFO         |   androidboot.qemu.hwcodec.hevcdec=2
INFO         |   androidboot.qemu.hwcodec.vpxdec=2
INFO         |   androidboot.qemu.settings.system.screen_off_timeout=2147483647
INFO         |   androidboot.qemu.virtiowifi=1
INFO         |   androidboot.qemu.vsync=60
INFO         |   androidboot.serialno=EMULATOR36X2X12X0
INFO         |   androidboot.vbmeta.digest=f4783f80ead68acad890c9ac55fbca12815bd80f8c37edf6690e6bde17baef1f
INFO         |   androidboot.vbmeta.hash_alg=sha256
INFO         |   androidboot.vbmeta.size=6720
INFO         |   androidboot.veritymode=enforcing
INFO         | Monitoring duration of emulator setup.
WARNING      | The emulator now requires a signed jwt token for gRPC access! Use the -grpc flag if you really want an open unprotected grpc port
INFO         | Using security allow list from: /Users/angstremoff/Library/Android/sdk/emulator/lib/emulator_access.json
WARNING      | *** Basic token auth should only be used by android-studio ***
INFO         | The active JSON Web Key Sets can be found here: /Users/angstremoff/Library/Caches/TemporaryItems/avd/running/57281/jwks/d85d09b8-9592-4b4d-a0eb-26a47914beb4/active.jwk
INFO         | Scanning /Users/angstremoff/Library/Caches/TemporaryItems/avd/running/57281/jwks/d85d09b8-9592-4b4d-a0eb-26a47914beb4 for jwk keys.
INFO         | Started GRPC server at 127.0.0.1:8554, security: Local, auth: +token
INFO         | Advertising in: /Users/angstremoff/Library/Caches/TemporaryItems/avd/running/pid_57281.ini
INFO         | Setting display: 0 configuration to: 1080x2400, dpi: 420x420 
INFO         | setDisplayActiveConfig 0
INFO         | Checking system compatibility:
INFO         |   Checking: hasSufficientDiskSpace
INFO         |      Ok: Disk space requirements to run avd: `Medium_Phone_API_36.1` are met
INFO         |   Checking: hasSufficientHwGpu
INFO         |      Ok: Hardware GPU requirements to run avd: `Medium_Phone_API_36.1` are passed
INFO         |   Checking: hasSufficientSystem
INFO         |      Ok: System requirements to run avd: `Medium_Phone_API_36.1` are met
INFO         | Loading snapshot 'default_boot'...
WARNING      | Client not connected yet. Ignoring message!
WARNING      | Client not connected yet. Ignoring message!
WARNING      | Client not connected yet. Ignoring message!
WARNING      | Unknown XR viewport mode requested: 0, ignored.

WARNING      | Client not connected yet. Ignoring message!
WARNING      | Client not connected yet. Ignoring message!
WARNING      | Client not connected yet. Ignoring message!
WARNING      | Client not connected yet. Ignoring message!
WARNING      | Client not connected yet. Ignoring message!
INFO         | Successfully loaded snapshot 'default_boot' using 2023 ms
INFO         | Activated packet streamer for uwb emulation
INFO         | Activated packet streamer for bluetooth emulation
INFO         | Wait for emulator (pid 57281) 20 seconds to shutdown gracefully before kill;you can set environment variable ANDROID_EMULATOR_WAIT_TIME_BEFORE_KILL(in seconds) to change the default value (20 seconds)

USER_INFO    | Snapshots have been disabled by the user, save request is ignored.
INFO         | Saving snapshot 'default_boot' using 0 ms
ERROR        | Failed to restore previous context: 12297
[57290:1101533:20251220,015108.047833:ERROR crash_report_database_mac.mm:825] Failed to enumerate reports in directory /tmp/android-angstremoff/emu-crash-36.2.12.db/pending: Error Domain=NSCocoaErrorDomain Code=260 "The folder “pending” doesn’t exist." UserInfo={NSUserStringVariant=(
    Folder
), NSFilePath=/tmp/android-angstremoff/emu-crash-36.2.12.db/pending, NSURL=file:///tmp/android-angstremoff/emu-crash-36.2.12.db/pending, NSUnderlyingError=0x845414000 {Error Domain=NSOSStatusErrorDomain Code=-43 "fnfErr: File not found"}}
[57287:1101509:20251220,015108.047830:ERROR crash_report_database_mac.mm:825] Failed to enumerate reports in directory /tmp/android-angstremoff/emu-crash-36.2.12.db/pending: Error Domain=NSCocoaErrorDomain Code=260 "The folder “pending” doesn’t exist." UserInfo={NSUserStringVariant=(
    Folder
), NSFilePath=/tmp/android-angstremoff/emu-crash-36.2.12.db/pending, NSURL=file:///tmp/android-angstremoff/emu-crash-36.2.12.db/pending, NSUnderlyingError=0x8b7410000 {Error Domain=NSOSStatusErrorDomain Code=-43 "fnfErr: File not found"}}
[57287:1101509:20251220,050602.200067:ERROR crash_report_database_mac.mm:825] Failed to enumerate reports in directory /tmp/android-angstremoff/emu-crash-36.2.12.db/pending: Error Domain=NSCocoaErrorDomain Code=260 "The folder “pending” doesn’t exist." UserInfo={NSUserStringVariant=(
    Folder
), NSFilePath=/tmp/android-angstremoff/emu-crash-36.2.12.db/pending, NSURL=file:///tmp/android-angstremoff/emu-crash-36.2.12.db/pending, NSUnderlyingError=0x8b7410030 {Error Domain=NSOSStatusErrorDomain Code=-43 "fnfErr: File not found"}}
[57290:1101533:20251220,050602.200068:ERROR crash_report_database_mac.mm:825] Failed to enumerate reports in directory /tmp/android-angstremoff/emu-crash-36.2.12.db/pending: Error Domain=NSCocoaErrorDomain Code=260 "The folder “pending” doesn’t exist." UserInfo={NSUserStringVariant=(
    Folder
), NSFilePath=/tmp/android-angstremoff/emu-crash-36.2.12.db/pending, NSURL=file:///tmp/android-angstremoff/emu-crash-36.2.12.db/pending, NSUnderlyingError=0x845414030 {Error Domain=NSOSStatusErrorDomain Code=-43 "fnfErr: File not found"}}
[57290:1101533:20251220,090845.714704:ERROR crash_report_database_mac.mm:825] Failed to enumerate reports in directory /tmp/android-angstremoff/emu-crash-36.2.12.db/pending: Error Domain=NSCocoaErrorDomain Code=260 "The folder “pending” doesn’t exist." UserInfo={NSUserStringVariant=(
    Folder
), NSFilePath=/tmp/android-angstremoff/emu-crash-36.2.12.db/pending, NSURL=file:///tmp/android-angstremoff/emu-crash-36.2.12.db/pending, NSUnderlyingError=0x845414000 {Error Domain=NSOSStatusErrorDomain Code=-43 "fnfErr: File not found"}}
[57287:1101509:20251220,090845.714719:ERROR crash_report_database_mac.mm:825] Failed to enumerate reports in directory /tmp/android-angstremoff/emu-crash-36.2.12.db/pending: Error Domain=NSCocoaErrorDomain Code=260 "The folder “pending” doesn’t exist." UserInfo={NSUserStringVariant=(
    Folder
), NSFilePath=/tmp/android-angstremoff/emu-crash-36.2.12.db/pending, NSURL=file:///tmp/android-angstremoff/emu-crash-36.2.12.db/pending, NSUnderlyingError=0x8b7410000 {Error Domain=NSOSStatusErrorDomain Code=-43 "fnfErr: File not found"}}
[57287:1101509:20251220,124330.348939:ERROR crash_report_database_mac.mm:825] Failed to enumerate reports in directory /tmp/android-angstremoff/emu-crash-36.2.12.db/pending: Error Domain=NSCocoaErrorDomain Code=260 "The folder “pending” doesn’t exist." UserInfo={NSUserStringVariant=(
    Folder
), NSFilePath=/tmp/android-angstremoff/emu-crash-36.2.12.db/pending, NSURL=file:///tmp/android-angstremoff/emu-crash-36.2.12.db/pending, NSUnderlyingError=0x8b7410030 {Error Domain=NSOSStatusErrorDomain Code=-43 "fnfErr: File not found"}}
[57290:1101533:20251220,124330.348938:ERROR crash_report_database_mac.mm:825] Failed to enumerate reports in directory /tmp/android-angstremoff/emu-crash-36.2.12.db/pending: Error Domain=NSCocoaErrorDomain Code=260 "The folder “pending” doesn’t exist." UserInfo={NSUserStringVariant=(
    Folder
), NSFilePath=/tmp/android-angstremoff/emu-crash-36.2.12.db/pending, NSURL=file:///tmp/android-angstremoff/emu-crash-36.2.12.db/pending, NSUnderlyingError=0x845414030 {Error Domain=NSOSStatusErrorDomain Code=-43 "fnfErr: File not found"}}
[57287:1101509:20251220,161524.384179:ERROR crash_report_database_mac.mm:825] Failed to enumerate reports in directory /tmp/android-angstremoff/emu-crash-36.2.12.db/pending: Error Domain=NSCocoaErrorDomain Code=260 "The folder “pending” doesn’t exist." UserInfo={NSUserStringVariant=(
    Folder
), NSFilePath=/tmp/android-angstremoff/emu-crash-36.2.12.db/pending, NSURL=file:///tmp/android-angstremoff/emu-crash-36.2.12.db/pending, NSUnderlyingError=0x8b7410000 {Error Domain=NSOSStatusErrorDomain Code=-43 "fnfErr: File not found"}}
[57290:1101533:20251220,161524.384178:ERROR crash_report_database_mac.mm:825] Failed to enumerate reports in directory /tmp/android-angstremoff/emu-crash-36.2.12.db/pending: Error Domain=NSCocoaErrorDomain Code=260 "The folder “pending” doesn’t exist." UserInfo={NSUserStringVariant=(
    Folder
), NSFilePath=/tmp/android-angstremoff/emu-crash-36.2.12.db/pending, NSURL=file:///tmp/android-angstremoff/emu-crash-36.2.12.db/pending, NSUnderlyingError=0x845414000 {Error Domain=NSOSStatusErrorDomain Code=-43 "fnfErr: File not found"}}
[57290:1101533:20251220,200508.224820:ERROR crash_report_database_mac.mm:825] Failed to enumerate reports in directory /tmp/android-angstremoff/emu-crash-36.2.12.db/pending: Error Domain=NSCocoaErrorDomain Code=260 "The folder “pending” doesn’t exist." UserInfo={NSUserStringVariant=(
    Folder
), NSFilePath=/tmp/android-angstremoff/emu-crash-36.2.12.db/pending, NSURL=file:///tmp/android-angstremoff/emu-crash-36.2.12.db/pending, NSUnderlyingError=0x845414030 {Error Domain=NSOSStatusErrorDomain Code=-43 "fnfErr: File not found"}}
[57287:1101509:20251220,200508.224826:ERROR crash_report_database_mac.mm:825] Failed to enumerate reports in directory /tmp/android-angstremoff/emu-crash-36.2.12.db/pending: Error Domain=NSCocoaErrorDomain Code=260 "The folder “pending” doesn’t exist." UserInfo={NSUserStringVariant=(
    Folder
), NSFilePath=/tmp/android-angstremoff/emu-crash-36.2.12.db/pending, NSURL=file:///tmp/android-angstremoff/emu-crash-36.2.12.db/pending, NSUnderlyingError=0x8b7410030 {Error Domain=NSOSStatusErrorDomain Code=-43 "fnfErr: File not found"}}
[57290:1101533:20251220,220826.152669:ERROR crash_report_database_mac.mm:825] Failed to enumerate reports in directory /tmp/android-angstremoff/emu-crash-36.2.12.db/pending: Error Domain=NSCocoaErrorDomain Code=260 "The folder “pending” doesn’t exist." UserInfo={NSUserStringVariant=(
    Folder
), NSFilePath=/tmp/android-angstremoff/emu-crash-36.2.12.db/pending, NSURL=file:///tmp/android-angstremoff/emu-crash-36.2.12.db/pending, NSUnderlyingError=0x845414000 {Error Domain=NSOSStatusErrorDomain Code=-43 "fnfErr: File not found"}}
[57287:1101509:20251220,220826.152669:ERROR crash_report_database_mac.mm:825] Failed to enumerate reports in directory /tmp/android-angstremoff/emu-crash-36.2.12.db/pending: Error Domain=NSCocoaErrorDomain Code=260 "The folder “pending” doesn’t exist." UserInfo={NSUserStringVariant=(
    Folder
), NSFilePath=/tmp/android-angstremoff/emu-crash-36.2.12.db/pending, NSURL=file:///tmp/android-angstremoff/emu-crash-36.2.12.db/pending, NSUnderlyingError=0x8b7410000 {Error Domain=NSOSStatusErrorDomain Code=-43 "fnfErr: File not found"}}
[57287:1101509:20251221,014409.266087:ERROR crash_report_database_mac.mm:825] Failed to enumerate reports in directory /tmp/android-angstremoff/emu-crash-36.2.12.db/pending: Error Domain=NSCocoaErrorDomain Code=260 "The folder “pending” doesn’t exist." UserInfo={NSUserStringVariant=(
    Folder
), NSFilePath=/tmp/android-angstremoff/emu-crash-36.2.12.db/pending, NSURL=file:///tmp/android-angstremoff/emu-crash-36.2.12.db/pending, NSUnderlyingError=0x8b7410030 {Error Domain=NSOSStatusErrorDomain Code=-43 "fnfErr: File not found"}}
[57290:1101533:20251221,014409.266086:ERROR crash_report_database_mac.mm:825] Failed to enumerate reports in directory /tmp/android-angstremoff/emu-crash-36.2.12.db/pending: Error Domain=NSCocoaErrorDomain Code=260 "The folder “pending” doesn’t exist." UserInfo={NSUserStringVariant=(
    Folder
), NSFilePath=/tmp/android-angstremoff/emu-crash-36.2.12.db/pending, NSURL=file:///tmp/android-angstremoff/emu-crash-36.2.12.db/pending, NSUnderlyingError=0x845414030 {Error Domain=NSOSStatusErrorDomain Code=-43 "fnfErr: File not found"}}
[57287:1101509:20251221,052645.735629:ERROR crash_report_database_mac.mm:825] Failed to enumerate reports in directory /tmp/android-angstremoff/emu-crash-36.2.12.db/pending: Error Domain=NSCocoaErrorDomain Code=260 "The folder “pending” doesn’t exist." UserInfo={NSUserStringVariant=(
    Folder
), NSFilePath=/tmp/android-angstremoff/emu-crash-36.2.12.db/pending, NSURL=file:///tmp/android-angstremoff/emu-crash-36.2.12.db/pending, NSUnderlyingError=0x8b7410000 {Error Domain=NSOSStatusErrorDomain Code=-43 "fnfErr: File not found"}}
[57290:1101533:20251221,052645.735623:ERROR crash_report_database_mac.mm:825] Failed to enumerate reports in directory /tmp/android-angstremoff/emu-crash-36.2.12.db/pending: Error Domain=NSCocoaErrorDomain Code=260 "The folder “pending” doesn’t exist." UserInfo={NSUserStringVariant=(
    Folder
), NSFilePath=/tmp/android-angstremoff/emu-crash-36.2.12.db/pending, NSURL=file:///tmp/android-angstremoff/emu-crash-36.2.12.db/pending, NSUnderlyingError=0x845414000 {Error Domain=NSOSStatusErrorDomain Code=-43 "fnfErr: File not found"}}
[57287:1101509:20251221,092134.391747:ERROR crash_report_database_mac.mm:825] Failed to enumerate reports in directory /tmp/android-angstremoff/emu-crash-36.2.12.db/pending: Error Domain=NSCocoaErrorDomain Code=260 "The folder “pending” doesn’t exist." UserInfo={NSUserStringVariant=(
    Folder
), NSFilePath=/tmp/android-angstremoff/emu-crash-36.2.12.db/pending, NSURL=file:///tmp/android-angstremoff/emu-crash-36.2.12.db/pending, NSUnderlyingError=0x8b7410030 {Error Domain=NSOSStatusErrorDomain Code=-43 "fnfErr: File not found"}}
[57290:1101533:20251221,092134.391747:ERROR crash_report_database_mac.mm:825] Failed to enumerate reports in directory /tmp/android-angstremoff/emu-crash-36.2.12.db/pending: Error Domain=NSCocoaErrorDomain Code=260 "The folder “pending” doesn’t exist." UserInfo={NSUserStringVariant=(
    Folder
), NSFilePath=/tmp/android-angstremoff/emu-crash-36.2.12.db/pending, NSURL=file:///tmp/android-angstremoff/emu-crash-36.2.12.db/pending, NSUnderlyingError=0x845414030 {Error Domain=NSOSStatusErrorDomain Code=-43 "fnfErr: File not found"}}
[57290:1101533:20251221,124005.892592:ERROR crash_report_database_mac.mm:825] Failed to enumerate reports in directory /tmp/android-angstremoff/emu-crash-36.2.12.db/pending: Error Domain=NSCocoaErrorDomain Code=260 "The folder “pending” doesn’t exist." UserInfo={NSUserStringVariant=(
    Folder
), NSFilePath=/tmp/android-angstremoff/emu-crash-36.2.12.db/pending, NSURL=file:///tmp/android-angstremoff/emu-crash-36.2.12.db/pending, NSUnderlyingError=0x845414000 {Error Domain=NSOSStatusErrorDomain Code=-43 "fnfErr: File not found"}}
[57287:1101509:20251221,124005.892592:ERROR crash_report_database_mac.mm:825] Failed to enumerate reports in directory /tmp/android-angstremoff/emu-crash-36.2.12.db/pending: Error Domain=NSCocoaErrorDomain Code=260 "The folder “pending” doesn’t exist." UserInfo={NSUserStringVariant=(
    Folder
), NSFilePath=/tmp/android-angstremoff/emu-crash-36.2.12.db/pending, NSURL=file:///tmp/android-angstremoff/emu-crash-36.2.12.db/pending, NSUnderlyingError=0x8b7410000 {Error Domain=NSOSStatusErrorDomain Code=-43 "fnfErr: File not found"}}
[57290:1101533:20251221,154225.257070:ERROR crash_report_database_mac.mm:825] Failed to enumerate reports in directory /tmp/android-angstremoff/emu-crash-36.2.12.db/pending: Error Domain=NSCocoaErrorDomain Code=260 "The folder “pending” doesn’t exist." UserInfo={NSUserStringVariant=(
    Folder
), NSFilePath=/tmp/android-angstremoff/emu-crash-36.2.12.db/pending, NSURL=file:///tmp/android-angstremoff/emu-crash-36.2.12.db/pending, NSUnderlyingError=0x845414030 {Error Domain=NSOSStatusErrorDomain Code=-43 "fnfErr: File not found"}}
[57287:1101509:20251221,154225.257070:ERROR crash_report_database_mac.mm:825] Failed to enumerate reports in directory /tmp/android-angstremoff/emu-crash-36.2.12.db/pending: Error Domain=NSCocoaErrorDomain Code=260 "The folder “pending” doesn’t exist." UserInfo={NSUserStringVariant=(
    Folder
), NSFilePath=/tmp/android-angstremoff/emu-crash-36.2.12.db/pending, NSURL=file:///tmp/android-angstremoff/emu-crash-36.2.12.db/pending, NSUnderlyingError=0x8b7410030 {Error Domain=NSOSStatusErrorDomain Code=-43 "fnfErr: File not found"}}
[57290:1101533:20251221,191356.889390:ERROR crash_report_database_mac.mm:825] Failed to enumerate reports in directory /tmp/android-angstremoff/emu-crash-36.2.12.db/pending: Error Domain=NSCocoaErrorDomain Code=260 "The folder “pending” doesn’t exist." UserInfo={NSUserStringVariant=(
    Folder
), NSFilePath=/tmp/android-angstremoff/emu-crash-36.2.12.db/pending, NSURL=file:///tmp/android-angstremoff/emu-crash-36.2.12.db/pending, NSUnderlyingError=0x845414000 {Error Domain=NSOSStatusErrorDomain Code=-43 "fnfErr: File not found"}}
[57287:1101509:20251221,191356.889390:ERROR crash_report_database_mac.mm:825] Failed to enumerate reports in directory /tmp/android-angstremoff/emu-crash-36.2.12.db/pending: Error Domain=NSCocoaErrorDomain Code=260 "The folder “pending” doesn’t exist." UserInfo={NSUserStringVariant=(
    Folder
), NSFilePath=/tmp/android-angstremoff/emu-crash-36.2.12.db/pending, NSURL=file:///tmp/android-angstremoff/emu-crash-36.2.12.db/pending, NSUnderlyingError=0x8b7410000 {Error Domain=NSOSStatusErrorDomain Code=-43 "fnfErr: File not found"}}
[57290:1101533:20251221,231800.623342:ERROR crash_report_database_mac.mm:825] Failed to enumerate reports in directory /tmp/android-angstremoff/emu-crash-36.2.12.db/pending: Error Domain=NSCocoaErrorDomain Code=260 "The folder “pending” doesn’t exist." UserInfo={NSUserStringVariant=(
    Folder
), NSFilePath=/tmp/android-angstremoff/emu-crash-36.2.12.db/pending, NSURL=file:///tmp/android-angstremoff/emu-crash-36.2.12.db/pending, NSUnderlyingError=0x845414030 {Error Domain=NSOSStatusErrorDomain Code=-43 "fnfErr: File not found"}}
[57287:1101509:20251221,231800.623342:ERROR crash_report_database_mac.mm:825] Failed to enumerate reports in directory /tmp/android-angstremoff/emu-crash-36.2.12.db/pending: Error Domain=NSCocoaErrorDomain Code=260 "The folder “pending” doesn’t exist." UserInfo={NSUserStringVariant=(
    Folder
), NSFilePath=/tmp/android-angstremoff/emu-crash-36.2.12.db/pending, NSURL=file:///tmp/android-angstremoff/emu-crash-36.2.12.db/pending, NSUnderlyingError=0x8b7410030 {Error Domain=NSOSStatusErrorDomain Code=-43 "fnfErr: File not found"}}
[57290:1101533:20251221,233502.276423:ERROR crash_report_database_mac.mm:825] Failed to enumerate reports in directory /tmp/android-angstremoff/emu-crash-36.2.12.db/pending: Error Domain=NSCocoaErrorDomain Code=260 "The folder “pending” doesn’t exist." UserInfo={NSUserStringVariant=(
    Folder
), NSFilePath=/tmp/android-angstremoff/emu-crash-36.2.12.db/pending, NSURL=file:///tmp/android-angstremoff/emu-crash-36.2.12.db/pending, NSUnderlyingError=0x845414000 {Error Domain=NSOSStatusErrorDomain Code=-43 "fnfErr: File not found"}}
[57287:1101509:20251221,233502.276423:ERROR crash_report_database_mac.mm:825] Failed to enumerate reports in directory /tmp/android-angstremoff/emu-crash-36.2.12.db/pending: Error Domain=NSCocoaErrorDomain Code=260 "The folder “pending” doesn’t exist." UserInfo={NSUserStringVariant=(
    Folder
), NSFilePath=/tmp/android-angstremoff/emu-crash-36.2.12.db/pending, NSURL=file:///tmp/android-angstremoff/emu-crash-36.2.12.db/pending, NSUnderlyingError=0x8b7410000 {Error Domain=NSOSStatusErrorDomain Code=-43 "fnfErr: File not found"}}
